---
source: crates/lib/smllm-format/tests/validate.rs
assertion_line: 316
expression: "found.join(\"\\n\")"
---
f:8: error: meta.events.bad name: event name "bad name" must be letters, digits, _ and - (CFG-7)
f:9: warning: meta.events.mk: text contains `</smllm>`, which smllm uses to fence agent text — reword it so the agent can tell smllm's text from yours (TURN-12)
f:15: warning: meta.events.mk.params.properties.size: text contains `</smllm>`, which smllm uses to fence agent text — reword it so the agent can tell smllm's text from yours (TURN-12)
f:15: warning: meta.events.mk.params.properties.size: enum value "huge" does not match the pattern, so it can never be given (CFG-7)
f:25: warning: states.A.on.go.actions: text contains `</smllm>`, which smllm uses to fence agent text — reword it so the agent can tell smllm's text from yours (TURN-12)
f:26: warning: states.A.on.stay: reenter without a target does nothing: a targetless transition never re-enters — add target: <this state> to re-enter it (CFG-3)
f:21: error: states.A.meta.paramDescriptions.go.issueId: go declares no param issueId — declare params in meta.events; paramDescriptions only rewords their prompts (CFG-8)
f:32: warning: states.DONE: a final state that is an entry point completes the instance as soon as it is entered — drop meta.entryPoint, or make the state non-final (CFG-12)
f:30: error: states.F2: only one state may be the fallback (also F1) (CFG-13)
f:31: error: states.F3: only one state may be the fallback (also F1) (CFG-13)
f:14: warning: meta.events.mk.params.properties.issueId: mk sets the ref, so meta.instance.ref.pattern ^GH-\d+$ applies instead of this pattern — drop this pattern, or change the instance's (CFG-9)
f:8: warning: meta.events.bad name: event bad name is declared but no state uses it (CFG-9)
f:28: error: states.B.always: always transitions loop: B → B — an always state is never rested in; break the loop with an event (DEC-2)
